
> nextjs@0.1.0 build
> next build

node.exe :  ΓÜá Invalid 
next.config.js options 
detected: 
At C:\Program 
Files\nodejs\npm.ps1:29 
char:3
+   & $NODE_EXE $NPM_CLI_JS 
$args
+   ~~~~~~~~~~~~~~~~~~~~~~~~
~~~~~
    + CategoryInfo          
    : NotSpecified: ( ΓÜá   
  Invalid ne...ions detec   
 ted: :String) [], Remot    
eException
    + FullyQualifiedErrorId 
    : NativeCommandError
 
 ΓÜá     Unrecognized 
key(s) in object: 
'optimizeFonts'
 ΓÜá See more info here: htt
ps://nextjs.org/docs/message
s/invalid-next-config
 ΓÜá Warning: Found 
multiple lockfiles. 
Selecting C:\Users\suman\pac
kage-lock.json.
   Consider removing the 
lockfiles at:
   * C:\Users\suman\Download
s\Grapepay\package-lock.json

   Γû▓ Next.js 15.4.5

   Creating an optimized production build ...
 Γ£ô Compiled successfully in 11.0s
   Skipping linting
   Checking validity of types ...
Failed to compile.

./app/admin/kyc/page.tsx:19:
9
Type error: Variable 
'kycRequests' implicitly 
has type 'any[]' in some 
locations where its type 
cannot be determined.

[0m [90m 17 |[39m   
[36mconst[39m 
[rejectionReason[33m,[39m 
setRejectionReason] 
[33m=[39m useState([32m''
[39m)[33m;[39m
 [90m 18 |[39m
[31m[1m>[22m[39m[90m 
19 |[39m   [36mconst[39m 
kycRequests [33m=[39m 
[][33m;[39m
 [90m    |[39m         
[31m[1m^[22m[39m
 [90m 20 |[39m
 [90m 21 |[39m   
[36mconst[39m 
handleApprove [33m=[39m 
(kycId[33m:[39m string) 
[33m=>[39m {
 [90m 22 |[39m     toast[
33m.[39msuccess([32m`KYC 
${kycId} approved successful
ly!`[39m)[33m;[39m[0m
Next.js build worker exited 
with code: 1 and signal: 
null
